// Jest Snapshot v1, https://goo.gl/fbAQLP

exports[`matches toggle theme button snapshot 1`] = `
<button
  className="absolute z-50 top-8 border-[1px] border-black dark:border-white w-10 h-5 right-0 md:top-12 "
  data-testid="toggle-theme-btn"
  onClick={[Function]}
  type="button"
>
  <div
    className="relative w-full h-full"
  >
    <div
      className="absolute left-0 dark:left-1/2 top-0 w-1/2 h-full border-white dark:border-neutral-800 border-[1px] bg-black dark:bg-white "
    />
  </div>
</button>
`;
